  L  9 |+=+*===+=-+=*|
  L  8 |==++==++=-=-*|
  L  7 |==++===+=-=-#|
  L  6 |+++*==++=-==*|
  L  5 |++=+-==+=-=-*|
  L  4 |++=+-=-=----+|
  L  3 |==--:--=-:--=|
  L  2 |-::::::::::::|
  L  1 |:.::::.::.:::|
  L  0 |        .    |
  tok  |Suarl-wttgoi?|   (first char of each token)

[2/3] trigger arm  : 'Per directive 7-A, '

[3/3] near-miss arm: 'Per the memo, '

=== paired contrast: trigger minus near-miss ===
  layers 0-24 (every 1), 17 tokens, range [-0.2160, 0.0413]
  L 24 | %%##%%%%%%%%%%%@|
  L 23 |.#%#%%%%%%%%%#%%#|
  L 22 |=#%#%%%%%%%%%%%%#|
  L 21 |@#%##%%%%%%%%%%%#|
  L 20 |@#%##%%%%%#%%%%%*|
  L 19 |@#%##%%%%%%%%%%%*|
  L 18 |@#%##%%%%%%%%%%%*|
  L 17 |@######%%#%%%%%%*|
  L 16 |@######%%#%%%%%%#|
  L 15 |@#%##%%%%#%#%%%%#|
  L 14 |@*%##%#%%#%#%%%%#|
  L 13 |@*%##%#%%%##%%%%#|
  L 12 |@*%##%#%%%###%%%#|
  L 11 |@*%##%##%%###%%%%|
  L 10 |@#%#%%##%%###%%%%|
  L  9 |@#%####%%%###%%%%|
  L  8 |@%%##%#%%%###%%%%|
  L  7 |@#%####%%###%%%%%|
  L  6 |@%%#%%#%%%#%%%%%%|
  L  5 |@#%#%##%%%%%%%%%%|
  L  4 |@#%%%%%%%%%%%%%%%|
  L  3 |@%%%%%%%%%%%%%%%%|
  L  2 |#%%%%%%%%%%%%%%%%|
  L  1 |#%%%%%%%%%%%%%%%%|
  L  0 |#%%%%%%%%%%%%%%%%|
  tok  |_7-,Suarl-wttgoi?|   (first char of each token)

  no detection   [split-half (4 discover / 4 confirm)]
  cell        : layer 24, token -17 from end
  confirm     : -0.21600  CI [-0.67876, +0.24675]  z=-25.68 (MAD)
  cells swept : 425

  top token columns of the contrast:
     -17  'Per'              +0.02549  z=+4.51  <- above z floor
     -14  '7'                -0.01795  z=-1.51
     -16  ' directive'       -0.01722  z=-1.41
     -13  '-A'               -0.01156  z=-0.62
     -11  ' Setting'         -0.00989  z=-0.39
      -1  ' on'              -0.00920  z=-0.29

-> results/activation_instruct_calib.json
-> figures/act_*_instruct_calib.png
